== /out/M3.6-docker-desktop-arm64-cold-profile-off-bert-long.json
base: M3.6 (f473b16) /out/M3.6-docker-desktop-arm64-cold-profile-off-bert-long.json
cur : M3.6 (f473b16) /out/M3.6-docker-desktop-arm64-cold-profile-off-bert-long.json

scenario                     metric                                         base            cur      delta
----------------------------------------------------------------------------------------------------------
single_long_f16              rss_peak_lifetime_mb                          91.86          91.86      +0.0%
single_long_f16              rss_peak_window_mb                            91.86          91.86      +0.0%
single_long_f16              rss_baseline_mb                               3.512          3.512      +0.0%
single_long_f16              rss_avg_mb                                        —              —          —
single_long_f16              pss_avg_mb                                        —              —          —
single_long_f16              pss_peak_sampled_mb                               —              —          —
single_long_f16              uss_avg_mb                                        —              —          —
single_long_f16              uss_peak_sampled_mb                               —              —          —
single_long_f16              latency_p50_ms                                 2534           2534      +0.0%
single_long_f16              latency_p90_ms                                 2534           2534      +0.0%
single_long_f16              latency_p99_ms                                 2534           2534      +0.0%
single_long_f16              single_request_items_per_sec                 0.3842         0.3842      +0.0%
single_long_f16              page_faults_major                                10             10      +0.0%
single_long_f16              page_faults_minor                              4808           4808      +0.0%

no regressions
== /out/M3.6-docker-desktop-arm64-cold-profile-off-bert-short.json
base: M3.6 (f473b16) /out/M3.6-docker-desktop-arm64-cold-profile-off-bert-short.json
cur : M3.6 (f473b16) /out/M3.6-docker-desktop-arm64-cold-profile-off-bert-short.json

scenario                     metric                                         base            cur      delta
----------------------------------------------------------------------------------------------------------
single_short_f16             rss_peak_lifetime_mb                          78.99          78.99      +0.0%
single_short_f16             rss_peak_window_mb                            78.99          78.99      +0.0%
single_short_f16             rss_baseline_mb                               3.512          3.512      +0.0%
single_short_f16             rss_avg_mb                                        —              —          —
single_short_f16             pss_avg_mb                                        —              —          —
single_short_f16             pss_peak_sampled_mb                               —              —          —
single_short_f16             uss_avg_mb                                        —              —          —
single_short_f16             uss_peak_sampled_mb                               —              —          —
single_short_f16             latency_p50_ms                                 35.9           35.9      +0.0%
single_short_f16             latency_p90_ms                                 35.9           35.9      +0.0%
single_short_f16             latency_p99_ms                                 35.9           35.9      +0.0%
single_short_f16             single_request_items_per_sec                  11.91          11.91      +0.0%
single_short_f16             page_faults_major                                11             11      +0.0%
single_short_f16             page_faults_minor                              3627           3627      +0.0%

no regressions
== /out/M3.6-docker-desktop-arm64-cold-profile-off-harrier-f32.json
base: M3.6 (f473b16) /out/M3.6-docker-desktop-arm64-cold-profile-off-harrier-f32.json
cur : M3.6 (f473b16) /out/M3.6-docker-desktop-arm64-cold-profile-off-harrier-f32.json

scenario                     metric                                         base            cur      delta
----------------------------------------------------------------------------------------------------------
single_short_harrier_f32     rss_peak_lifetime_mb                           1110           1110      +0.0%
single_short_harrier_f32     rss_peak_window_mb                             1110           1110      +0.0%
single_short_harrier_f32     rss_baseline_mb                                3.52           3.52      +0.0%
single_short_harrier_f32     rss_avg_mb                                        —              —          —
single_short_harrier_f32     pss_avg_mb                                        —              —          —
single_short_harrier_f32     pss_peak_sampled_mb                               —              —          —
single_short_harrier_f32     uss_avg_mb                                        —              —          —
single_short_harrier_f32     uss_peak_sampled_mb                               —              —          —
single_short_harrier_f32     latency_p50_ms                                307.5          307.5      +0.0%
single_short_harrier_f32     latency_p90_ms                                307.5          307.5      +0.0%
single_short_harrier_f32     latency_p99_ms                                307.5          307.5      +0.0%
single_short_harrier_f32     single_request_items_per_sec                 0.6321         0.6321      +0.0%
single_short_harrier_f32     page_faults_major                                11             11      +0.0%
single_short_harrier_f32     page_faults_minor                         1.412e+04      1.412e+04      +0.0%
single_short_harrier_f32::multilingual_short rss_peak_lifetime_mb                           1110           1110      +0.0%
single_short_harrier_f32::multilingual_short rss_peak_window_mb                             1110           1110      +0.0%
single_short_harrier_f32::multilingual_short rss_baseline_mb                               3.516          3.516      +0.0%
single_short_harrier_f32::multilingual_short rss_avg_mb                                        —              —          —
single_short_harrier_f32::multilingual_short pss_avg_mb                                        —              —          —
single_short_harrier_f32::multilingual_short pss_peak_sampled_mb                               —              —          —
single_short_harrier_f32::multilingual_short uss_avg_mb                                        —              —          —
single_short_harrier_f32::multilingual_short uss_peak_sampled_mb                               —              —          —
single_short_harrier_f32::multilingual_short latency_p50_ms                                152.5          152.5      +0.0%
single_short_harrier_f32::multilingual_short latency_p90_ms                                152.5          152.5      +0.0%
single_short_harrier_f32::multilingual_short latency_p99_ms                                152.5          152.5      +0.0%
single_short_harrier_f32::multilingual_short single_request_items_per_sec                 0.9467         0.9467      +0.0%
single_short_harrier_f32::multilingual_short page_faults_major                                11             11      +0.0%
single_short_harrier_f32::multilingual_short page_faults_minor                         1.359e+04      1.359e+04      +0.0%
single_short_harrier_f32::vocab_spread rss_peak_lifetime_mb                           1110           1110      +0.0%
single_short_harrier_f32::vocab_spread rss_peak_window_mb                             1110           1110      +0.0%
single_short_harrier_f32::vocab_spread rss_baseline_mb                                3.52           3.52      +0.0%
single_short_harrier_f32::vocab_spread rss_avg_mb                                        —              —          —
single_short_harrier_f32::vocab_spread pss_avg_mb                                        —              —          —
single_short_harrier_f32::vocab_spread pss_peak_sampled_mb                               —              —          —
single_short_harrier_f32::vocab_spread uss_avg_mb                                        —              —          —
single_short_harrier_f32::vocab_spread uss_peak_sampled_mb                               —              —          —
single_short_harrier_f32::vocab_spread latency_p50_ms                                609.5          609.5      +0.0%
single_short_harrier_f32::vocab_spread latency_p90_ms                                609.5          609.5      +0.0%
single_short_harrier_f32::vocab_spread latency_p99_ms                                609.5          609.5      +0.0%
single_short_harrier_f32::vocab_spread single_request_items_per_sec                 0.6843         0.6843      +0.0%
single_short_harrier_f32::vocab_spread page_faults_major                                13             13      +0.0%
single_short_harrier_f32::vocab_spread page_faults_minor                         1.464e+04      1.464e+04      +0.0%

no regressions
== /out/M3.6-docker-desktop-arm64-cold-profile-off-harrier-q8.json
base: M3.6 (f473b16) /out/M3.6-docker-desktop-arm64-cold-profile-off-harrier-q8.json
cur : M3.6 (f473b16) /out/M3.6-docker-desktop-arm64-cold-profile-off-harrier-q8.json

scenario                     metric                                         base            cur      delta
----------------------------------------------------------------------------------------------------------
single_short_harrier_q8      rss_peak_lifetime_mb                          361.6          361.6      +0.0%
single_short_harrier_q8      rss_peak_window_mb                            361.6          361.6      +0.0%
single_short_harrier_q8      rss_baseline_mb                                3.52           3.52      +0.0%
single_short_harrier_q8      rss_avg_mb                                        —              —          —
single_short_harrier_q8      pss_avg_mb                                        —              —          —
single_short_harrier_q8      pss_peak_sampled_mb                               —              —          —
single_short_harrier_q8      uss_avg_mb                                        —              —          —
single_short_harrier_q8      uss_peak_sampled_mb                               —              —          —
single_short_harrier_q8      latency_p50_ms                                17.47          17.47      +0.0%
single_short_harrier_q8      latency_p90_ms                                17.47          17.47      +0.0%
single_short_harrier_q8      latency_p99_ms                                17.47          17.47      +0.0%
single_short_harrier_q8      single_request_items_per_sec                  1.547          1.547      +0.0%
single_short_harrier_q8      page_faults_major                                13             13      +0.0%
single_short_harrier_q8      page_faults_minor                         1.351e+04      1.351e+04      +0.0%
single_short_harrier_q8::multilingual_short rss_peak_lifetime_mb                          359.4          359.4      +0.0%
single_short_harrier_q8::multilingual_short rss_peak_window_mb                            359.4          359.4      +0.0%
single_short_harrier_q8::multilingual_short rss_baseline_mb                                3.52           3.52      +0.0%
single_short_harrier_q8::multilingual_short rss_avg_mb                                        —              —          —
single_short_harrier_q8::multilingual_short pss_avg_mb                                        —              —          —
single_short_harrier_q8::multilingual_short pss_peak_sampled_mb                               —              —          —
single_short_harrier_q8::multilingual_short uss_avg_mb                                        —              —          —
single_short_harrier_q8::multilingual_short uss_peak_sampled_mb                               —              —          —
single_short_harrier_q8::multilingual_short latency_p50_ms                                11.02          11.02      +0.0%
single_short_harrier_q8::multilingual_short latency_p90_ms                                11.02          11.02      +0.0%
single_short_harrier_q8::multilingual_short latency_p99_ms                                11.02          11.02      +0.0%
single_short_harrier_q8::multilingual_short single_request_items_per_sec                  1.726          1.726      +0.0%
single_short_harrier_q8::multilingual_short page_faults_major                                13             13      +0.0%
single_short_harrier_q8::multilingual_short page_faults_minor                           1.3e+04        1.3e+04      +0.0%
single_short_harrier_q8::vocab_spread rss_peak_lifetime_mb                          359.5          359.5      +0.0%
single_short_harrier_q8::vocab_spread rss_peak_window_mb                            359.5          359.5      +0.0%
single_short_harrier_q8::vocab_spread rss_baseline_mb                               3.516          3.516      +0.0%
single_short_harrier_q8::vocab_spread rss_avg_mb                                        —              —          —
single_short_harrier_q8::vocab_spread pss_avg_mb                                        —              —          —
single_short_harrier_q8::vocab_spread pss_peak_sampled_mb                               —              —          —
single_short_harrier_q8::vocab_spread uss_avg_mb                                        —              —          —
single_short_harrier_q8::vocab_spread uss_peak_sampled_mb                               —              —          —
single_short_harrier_q8::vocab_spread latency_p50_ms                                47.66          47.66      +0.0%
single_short_harrier_q8::vocab_spread latency_p90_ms                                47.66          47.66      +0.0%
single_short_harrier_q8::vocab_spread latency_p99_ms                                47.66          47.66      +0.0%
single_short_harrier_q8::vocab_spread single_request_items_per_sec                  1.607          1.607      +0.0%
single_short_harrier_q8::vocab_spread page_faults_major                                14             14      +0.0%
single_short_harrier_q8::vocab_spread page_faults_minor                         1.403e+04      1.403e+04      +0.0%

no regressions
== /out/M3.6-docker-desktop-arm64-cold-profile-on-bert-long.json
base: M3.6 (f473b16) /out/M3.6-docker-desktop-arm64-cold-profile-on-bert-long.json
cur : M3.6 (f473b16) /out/M3.6-docker-desktop-arm64-cold-profile-on-bert-long.json

scenario                     metric                                         base            cur      delta
----------------------------------------------------------------------------------------------------------
single_long_f16              rss_peak_lifetime_mb                          92.02          92.02      +0.0%
single_long_f16              rss_peak_window_mb                            92.02          92.02      +0.0%
single_long_f16              rss_baseline_mb                               3.699          3.699      +0.0%
single_long_f16              rss_avg_mb                                    90.28          90.28      +0.0%
single_long_f16              pss_avg_mb                                    88.17          88.17      +0.0%
single_long_f16              pss_peak_sampled_mb                           90.38          90.38      +0.0%
single_long_f16              uss_avg_mb                                     86.7           86.7      +0.0%
single_long_f16              uss_peak_sampled_mb                            88.9           88.9      +0.0%
single_long_f16              latency_p50_ms                                 2550           2550      +0.0%
single_long_f16              latency_p90_ms                                 2550           2550      +0.0%
single_long_f16              latency_p99_ms                                 2550           2550      +0.0%
single_long_f16              single_request_items_per_sec                 0.3817         0.3817      +0.0%
single_long_f16              page_faults_major                                11             11      +0.0%
single_long_f16              page_faults_minor                              4817           4817      +0.0%

no regressions
== /out/M3.6-docker-desktop-arm64-cold-profile-on-bert-short.json
base: M3.6 (f473b16) /out/M3.6-docker-desktop-arm64-cold-profile-on-bert-short.json
cur : M3.6 (f473b16) /out/M3.6-docker-desktop-arm64-cold-profile-on-bert-short.json

scenario                     metric                                         base            cur      delta
----------------------------------------------------------------------------------------------------------
single_short_f16             rss_peak_lifetime_mb                          78.98          78.98      +0.0%
single_short_f16             rss_peak_window_mb                            78.98          78.98      +0.0%
single_short_f16             rss_baseline_mb                               3.684          3.684      +0.0%
single_short_f16             rss_avg_mb                                    54.93          54.93      +0.0%
single_short_f16             pss_avg_mb                                    52.87          52.87      +0.0%
single_short_f16             pss_peak_sampled_mb                           77.18          77.18      +0.0%
single_short_f16             uss_avg_mb                                    51.43          51.43      +0.0%
single_short_f16             uss_peak_sampled_mb                            75.7           75.7      +0.0%
single_short_f16             latency_p50_ms                                35.98          35.98      +0.0%
single_short_f16             latency_p90_ms                                35.98          35.98      +0.0%
single_short_f16             latency_p99_ms                                35.98          35.98      +0.0%
single_short_f16             single_request_items_per_sec                  11.81          11.81      +0.0%
single_short_f16             page_faults_major                                10             10      +0.0%
single_short_f16             page_faults_minor                              3119           3119      +0.0%

no regressions
== /out/M3.6-docker-desktop-arm64-cold-profile-on-harrier-f32.json
base: M3.6 (f473b16) /out/M3.6-docker-desktop-arm64-cold-profile-on-harrier-f32.json
cur : M3.6 (f473b16) /out/M3.6-docker-desktop-arm64-cold-profile-on-harrier-f32.json

scenario                     metric                                         base            cur      delta
----------------------------------------------------------------------------------------------------------
single_short_harrier_f32     rss_peak_lifetime_mb                           1112           1112      +0.0%
single_short_harrier_f32     rss_peak_window_mb                             1112           1112      +0.0%
single_short_harrier_f32     rss_baseline_mb                               3.676          3.676      +0.0%
single_short_harrier_f32     rss_avg_mb                                    788.5          788.5      +0.0%
single_short_harrier_f32     pss_avg_mb                                    786.5          786.5      +0.0%
single_short_harrier_f32     pss_peak_sampled_mb                            1110           1110      +0.0%
single_short_harrier_f32     uss_avg_mb                                    785.1          785.1      +0.0%
single_short_harrier_f32     uss_peak_sampled_mb                            1109           1109      +0.0%
single_short_harrier_f32     latency_p50_ms                                318.3          318.3      +0.0%
single_short_harrier_f32     latency_p90_ms                                318.3          318.3      +0.0%
single_short_harrier_f32     latency_p99_ms                                318.3          318.3      +0.0%
single_short_harrier_f32     single_request_items_per_sec                 0.4259         0.4259      +0.0%
single_short_harrier_f32     page_faults_major                                12             12      +0.0%
single_short_harrier_f32     page_faults_minor                         1.461e+04      1.461e+04      +0.0%
single_short_harrier_f32::multilingual_short rss_peak_lifetime_mb                           1110           1110      +0.0%
single_short_harrier_f32::multilingual_short rss_peak_window_mb                             1110           1110      +0.0%
single_short_harrier_f32::multilingual_short rss_baseline_mb                               3.688          3.688      +0.0%
single_short_harrier_f32::multilingual_short rss_avg_mb                                    697.9          697.9      +0.0%
single_short_harrier_f32::multilingual_short pss_avg_mb                                    695.9          695.9      +0.0%
single_short_harrier_f32::multilingual_short pss_peak_sampled_mb                            1108           1108      +0.0%
single_short_harrier_f32::multilingual_short uss_avg_mb                                    694.5          694.5      +0.0%
single_short_harrier_f32::multilingual_short uss_peak_sampled_mb                            1107           1107      +0.0%
single_short_harrier_f32::multilingual_short latency_p50_ms                                160.8          160.8      +0.0%
single_short_harrier_f32::multilingual_short latency_p90_ms                                160.8          160.8      +0.0%
single_short_harrier_f32::multilingual_short latency_p99_ms                                160.8          160.8      +0.0%
single_short_harrier_f32::multilingual_short single_request_items_per_sec                 0.7008         0.7008      +0.0%
single_short_harrier_f32::multilingual_short page_faults_major                                 9              9      +0.0%
single_short_harrier_f32::multilingual_short page_faults_minor                         1.308e+04      1.308e+04      +0.0%
single_short_harrier_f32::vocab_spread rss_peak_lifetime_mb                           1110           1110      +0.0%
single_short_harrier_f32::vocab_spread rss_peak_window_mb                             1110           1110      +0.0%
single_short_harrier_f32::vocab_spread rss_baseline_mb                               3.688          3.688      +0.0%
single_short_harrier_f32::vocab_spread rss_avg_mb                                      837            837      +0.0%
single_short_harrier_f32::vocab_spread pss_avg_mb                                      835            835      +0.0%
single_short_harrier_f32::vocab_spread pss_peak_sampled_mb                            1108           1108      +0.0%
single_short_harrier_f32::vocab_spread uss_avg_mb                                    833.6          833.6      +0.0%
single_short_harrier_f32::vocab_spread uss_peak_sampled_mb                            1107           1107      +0.0%
single_short_harrier_f32::vocab_spread latency_p50_ms                                785.2          785.2      +0.0%
single_short_harrier_f32::vocab_spread latency_p90_ms                                785.2          785.2      +0.0%
single_short_harrier_f32::vocab_spread latency_p99_ms                                785.2          785.2      +0.0%
single_short_harrier_f32::vocab_spread single_request_items_per_sec                 0.2509         0.2509      +0.0%
single_short_harrier_f32::vocab_spread page_faults_major                                11             11      +0.0%
single_short_harrier_f32::vocab_spread page_faults_minor                         1.413e+04      1.413e+04      +0.0%

no regressions
== /out/M3.6-docker-desktop-arm64-cold-profile-on-harrier-q8.json
base: M3.6 (f473b16) /out/M3.6-docker-desktop-arm64-cold-profile-on-harrier-q8.json
cur : M3.6 (f473b16) /out/M3.6-docker-desktop-arm64-cold-profile-on-harrier-q8.json

scenario                     metric                                         base            cur      delta
----------------------------------------------------------------------------------------------------------
single_short_harrier_q8      rss_peak_lifetime_mb                          359.3          359.3      +0.0%
single_short_harrier_q8      rss_peak_window_mb                            359.3          359.3      +0.0%
single_short_harrier_q8      rss_baseline_mb                               3.688          3.688      +0.0%
single_short_harrier_q8      rss_avg_mb                                    229.3          229.3      +0.0%
single_short_harrier_q8      pss_avg_mb                                    227.3          227.3      +0.0%
single_short_harrier_q8      pss_peak_sampled_mb                           357.6          357.6      +0.0%
single_short_harrier_q8      uss_avg_mb                                    225.9          225.9      +0.0%
single_short_harrier_q8      uss_peak_sampled_mb                           356.1          356.1      +0.0%
single_short_harrier_q8      latency_p50_ms                                24.53          24.53      +0.0%
single_short_harrier_q8      latency_p90_ms                                24.53          24.53      +0.0%
single_short_harrier_q8      latency_p99_ms                                24.53          24.53      +0.0%
single_short_harrier_q8      single_request_items_per_sec                  1.429          1.429      +0.0%
single_short_harrier_q8      page_faults_major                                12             12      +0.0%
single_short_harrier_q8      page_faults_minor                         1.454e+04      1.454e+04      +0.0%
single_short_harrier_q8::multilingual_short rss_peak_lifetime_mb                          359.5          359.5      +0.0%
single_short_harrier_q8::multilingual_short rss_peak_window_mb                            359.5          359.5      +0.0%
single_short_harrier_q8::multilingual_short rss_baseline_mb                               3.688          3.688      +0.0%
single_short_harrier_q8::multilingual_short rss_avg_mb                                    234.6          234.6      +0.0%
single_short_harrier_q8::multilingual_short pss_avg_mb                                    232.5          232.5      +0.0%
single_short_harrier_q8::multilingual_short pss_peak_sampled_mb                           357.6          357.6      +0.0%
single_short_harrier_q8::multilingual_short uss_avg_mb                                    231.1          231.1      +0.0%
single_short_harrier_q8::multilingual_short uss_peak_sampled_mb                           356.1          356.1      +0.0%
single_short_harrier_q8::multilingual_short latency_p50_ms                                10.05          10.05      +0.0%
single_short_harrier_q8::multilingual_short latency_p90_ms                                10.05          10.05      +0.0%
single_short_harrier_q8::multilingual_short latency_p99_ms                                10.05          10.05      +0.0%
single_short_harrier_q8::multilingual_short single_request_items_per_sec                  1.856          1.856      +0.0%
single_short_harrier_q8::multilingual_short page_faults_major                                14             14      +0.0%
single_short_harrier_q8::multilingual_short page_faults_minor                         1.299e+04      1.299e+04      +0.0%
single_short_harrier_q8::vocab_spread rss_peak_lifetime_mb                          359.5          359.5      +0.0%
single_short_harrier_q8::vocab_spread rss_peak_window_mb                            359.5          359.5      +0.0%
single_short_harrier_q8::vocab_spread rss_baseline_mb                               3.684          3.684      +0.0%
single_short_harrier_q8::vocab_spread rss_avg_mb                                    236.8          236.8      +0.0%
single_short_harrier_q8::vocab_spread pss_avg_mb                                    234.8          234.8      +0.0%
single_short_harrier_q8::vocab_spread pss_peak_sampled_mb                           357.6          357.6      +0.0%
single_short_harrier_q8::vocab_spread uss_avg_mb                                    233.4          233.4      +0.0%
single_short_harrier_q8::vocab_spread uss_peak_sampled_mb                           356.1          356.1      +0.0%
single_short_harrier_q8::vocab_spread latency_p50_ms                                28.25          28.25      +0.0%
single_short_harrier_q8::vocab_spread latency_p90_ms                                28.25          28.25      +0.0%
single_short_harrier_q8::vocab_spread latency_p99_ms                                28.25          28.25      +0.0%
single_short_harrier_q8::vocab_spread single_request_items_per_sec                  1.903          1.903      +0.0%
single_short_harrier_q8::vocab_spread page_faults_major                                12             12      +0.0%
single_short_harrier_q8::vocab_spread page_faults_minor                         1.402e+04      1.402e+04      +0.0%

no regressions
== /out/M3.6-docker-desktop-arm64-warm-profile-off-bert-long.json
base: M3.6 (f473b16) /out/M3.6-docker-desktop-arm64-warm-profile-off-bert-long.json
cur : M3.6 (f473b16) /out/M3.6-docker-desktop-arm64-warm-profile-off-bert-long.json

scenario                     metric                                         base            cur      delta
----------------------------------------------------------------------------------------------------------
single_long_f16              rss_peak_lifetime_mb                          92.11          92.11      +0.0%
single_long_f16              rss_peak_window_mb                            92.11          92.11      +0.0%
single_long_f16              rss_baseline_mb                               92.11          92.11      +0.0%
single_long_f16              rss_avg_mb                                        —              —          —
single_long_f16              pss_avg_mb                                        —              —          —
single_long_f16              pss_peak_sampled_mb                               —              —          —
single_long_f16              uss_avg_mb                                        —              —          —
single_long_f16              uss_peak_sampled_mb                               —              —          —
single_long_f16              latency_p50_ms                                 2531           2531      +0.0%
single_long_f16              latency_p90_ms                                 2553           2553      +0.0%
single_long_f16              latency_p99_ms                                 2553           2553      +0.0%
single_long_f16              single_request_items_per_sec                 0.3937         0.3937      +0.0%
single_long_f16              page_faults_major                                 0              0          —
single_long_f16              page_faults_minor                                 0              0          —

no regressions
== /out/M3.6-docker-desktop-arm64-warm-profile-off-bert-short.json
base: M3.6 (f473b16) /out/M3.6-docker-desktop-arm64-warm-profile-off-bert-short.json
cur : M3.6 (f473b16) /out/M3.6-docker-desktop-arm64-warm-profile-off-bert-short.json

scenario                     metric                                         base            cur      delta
----------------------------------------------------------------------------------------------------------
single_short_f16             rss_peak_lifetime_mb                             79             79      +0.0%
single_short_f16             rss_peak_window_mb                               79             79      +0.0%
single_short_f16             rss_baseline_mb                                  79             79      +0.0%
single_short_f16             rss_avg_mb                                        —              —          —
single_short_f16             pss_avg_mb                                        —              —          —
single_short_f16             pss_peak_sampled_mb                               —              —          —
single_short_f16             uss_avg_mb                                        —              —          —
single_short_f16             uss_peak_sampled_mb                               —              —          —
single_short_f16             latency_p50_ms                                34.86          34.86      +0.0%
single_short_f16             latency_p90_ms                                49.53          49.53      +0.0%
single_short_f16             latency_p99_ms                                63.34          63.34      +0.0%
single_short_f16             single_request_items_per_sec                  24.54          24.54      +0.0%
single_short_f16             page_faults_major                                 0              0          —
single_short_f16             page_faults_minor                                 0              0          —

no regressions
== /out/M3.6-docker-desktop-arm64-warm-profile-off-harrier-f32.json
base: M3.6 (f473b16) /out/M3.6-docker-desktop-arm64-warm-profile-off-harrier-f32.json
cur : M3.6 (f473b16) /out/M3.6-docker-desktop-arm64-warm-profile-off-harrier-f32.json

scenario                     metric                                         base            cur      delta
----------------------------------------------------------------------------------------------------------
single_short_harrier_f32     rss_peak_lifetime_mb                           1110           1110      +0.0%
single_short_harrier_f32     rss_peak_window_mb                             1110           1110      +0.0%
single_short_harrier_f32     rss_baseline_mb                                1110           1110      +0.0%
single_short_harrier_f32     rss_avg_mb                                        —              —          —
single_short_harrier_f32     pss_avg_mb                                        —              —          —
single_short_harrier_f32     pss_peak_sampled_mb                               —              —          —
single_short_harrier_f32     uss_avg_mb                                        —              —          —
single_short_harrier_f32     uss_peak_sampled_mb                               —              —          —
single_short_harrier_f32     latency_p50_ms                                302.7          302.7      +0.0%
single_short_harrier_f32     latency_p90_ms                                306.6          306.6      +0.0%
single_short_harrier_f32     latency_p99_ms                                306.6          306.6      +0.0%
single_short_harrier_f32     single_request_items_per_sec                  3.288          3.288      +0.0%
single_short_harrier_f32     page_faults_major                                 0              0          —
single_short_harrier_f32     page_faults_minor                                 0              0          —
single_short_harrier_f32::multilingual_short rss_peak_lifetime_mb                           1110           1110      +0.0%
single_short_harrier_f32::multilingual_short rss_peak_window_mb                             1110           1110      +0.0%
single_short_harrier_f32::multilingual_short rss_baseline_mb                                1110           1110      +0.0%
single_short_harrier_f32::multilingual_short rss_avg_mb                                        —              —          —
single_short_harrier_f32::multilingual_short pss_avg_mb                                        —              —          —
single_short_harrier_f32::multilingual_short pss_peak_sampled_mb                               —              —          —
single_short_harrier_f32::multilingual_short uss_avg_mb                                        —              —          —
single_short_harrier_f32::multilingual_short uss_peak_sampled_mb                               —              —          —
single_short_harrier_f32::multilingual_short latency_p50_ms                                  151            151      +0.0%
single_short_harrier_f32::multilingual_short latency_p90_ms                                154.4          154.4      +0.0%
single_short_harrier_f32::multilingual_short latency_p99_ms                                154.4          154.4      +0.0%
single_short_harrier_f32::multilingual_short single_request_items_per_sec                  6.585          6.585      +0.0%
single_short_harrier_f32::multilingual_short page_faults_major                                 0              0          —
single_short_harrier_f32::multilingual_short page_faults_minor                                 0              0          —
single_short_harrier_f32::vocab_spread rss_peak_lifetime_mb                           1110           1110      +0.0%
single_short_harrier_f32::vocab_spread rss_peak_window_mb                             1110           1110      +0.0%
single_short_harrier_f32::vocab_spread rss_baseline_mb                                1110           1110      +0.0%
single_short_harrier_f32::vocab_spread rss_avg_mb                                        —              —          —
single_short_harrier_f32::vocab_spread pss_avg_mb                                        —              —          —
single_short_harrier_f32::vocab_spread pss_peak_sampled_mb                               —              —          —
single_short_harrier_f32::vocab_spread uss_avg_mb                                        —              —          —
single_short_harrier_f32::vocab_spread uss_peak_sampled_mb                               —              —          —
single_short_harrier_f32::vocab_spread latency_p50_ms                                603.8          603.8      +0.0%
single_short_harrier_f32::vocab_spread latency_p90_ms                                612.2          612.2      +0.0%
single_short_harrier_f32::vocab_spread latency_p99_ms                                612.2          612.2      +0.0%
single_short_harrier_f32::vocab_spread single_request_items_per_sec                  1.648          1.648      +0.0%
single_short_harrier_f32::vocab_spread page_faults_major                                 0              0          —
single_short_harrier_f32::vocab_spread page_faults_minor                                 0              0          —

no regressions
== /out/M3.6-docker-desktop-arm64-warm-profile-off-harrier-q8.json
base: M3.6 (f473b16) /out/M3.6-docker-desktop-arm64-warm-profile-off-harrier-q8.json
cur : M3.6 (f473b16) /out/M3.6-docker-desktop-arm64-warm-profile-off-harrier-q8.json

scenario                     metric                                         base            cur      delta
----------------------------------------------------------------------------------------------------------
single_short_harrier_q8      rss_peak_lifetime_mb                          359.6          359.6      +0.0%
single_short_harrier_q8      rss_peak_window_mb                            359.6          359.6      +0.0%
single_short_harrier_q8      rss_baseline_mb                               359.6          359.6      +0.0%
single_short_harrier_q8      rss_avg_mb                                        —              —          —
single_short_harrier_q8      pss_avg_mb                                        —              —          —
single_short_harrier_q8      pss_peak_sampled_mb                               —              —          —
single_short_harrier_q8      uss_avg_mb                                        —              —          —
single_short_harrier_q8      uss_peak_sampled_mb                               —              —          —
single_short_harrier_q8      latency_p50_ms                                12.27          12.27      +0.0%
single_short_harrier_q8      latency_p90_ms                                12.29          12.29      +0.0%
single_short_harrier_q8      latency_p99_ms                                12.29          12.29      +0.0%
single_short_harrier_q8      single_request_items_per_sec                  81.49          81.49      +0.0%
single_short_harrier_q8      page_faults_major                                 0              0          —
single_short_harrier_q8      page_faults_minor                                 0              0          —
single_short_harrier_q8::multilingual_short rss_peak_lifetime_mb                          359.3          359.3      +0.0%
single_short_harrier_q8::multilingual_short rss_peak_window_mb                            359.3          359.3      +0.0%
single_short_harrier_q8::multilingual_short rss_baseline_mb                               359.3          359.3      +0.0%
single_short_harrier_q8::multilingual_short rss_avg_mb                                        —              —          —
single_short_harrier_q8::multilingual_short pss_avg_mb                                        —              —          —
single_short_harrier_q8::multilingual_short pss_peak_sampled_mb                               —              —          —
single_short_harrier_q8::multilingual_short uss_avg_mb                                        —              —          —
single_short_harrier_q8::multilingual_short uss_peak_sampled_mb                               —              —          —
single_short_harrier_q8::multilingual_short latency_p50_ms                                7.018          7.018      +0.0%
single_short_harrier_q8::multilingual_short latency_p90_ms                                 7.04           7.04      +0.0%
single_short_harrier_q8::multilingual_short latency_p99_ms                                 7.04           7.04      +0.0%
single_short_harrier_q8::multilingual_short single_request_items_per_sec                  142.6          142.6      +0.0%
single_short_harrier_q8::multilingual_short page_faults_major                                 0              0          —
single_short_harrier_q8::multilingual_short page_faults_minor                                 0              0          —
single_short_harrier_q8::vocab_spread rss_peak_lifetime_mb                          359.4          359.4      +0.0%
single_short_harrier_q8::vocab_spread rss_peak_window_mb                            359.4          359.4      +0.0%
single_short_harrier_q8::vocab_spread rss_baseline_mb                               359.4          359.4      +0.0%
single_short_harrier_q8::vocab_spread rss_avg_mb                                        —              —          —
single_short_harrier_q8::vocab_spread pss_avg_mb                                        —              —          —
single_short_harrier_q8::vocab_spread pss_peak_sampled_mb                               —              —          —
single_short_harrier_q8::vocab_spread uss_avg_mb                                        —              —          —
single_short_harrier_q8::vocab_spread uss_peak_sampled_mb                               —              —          —
single_short_harrier_q8::vocab_spread latency_p50_ms                                26.64          26.64      +0.0%
single_short_harrier_q8::vocab_spread latency_p90_ms                                27.06          27.06      +0.0%
single_short_harrier_q8::vocab_spread latency_p99_ms                                27.06          27.06      +0.0%
single_short_harrier_q8::vocab_spread single_request_items_per_sec                  36.43          36.43      +0.0%
single_short_harrier_q8::vocab_spread page_faults_major                                 0              0          —
single_short_harrier_q8::vocab_spread page_faults_minor                                 0              0          —

no regressions
== /out/M3.6-docker-desktop-arm64-warm-profile-on-bert-long.json
base: M3.6 (f473b16) /out/M3.6-docker-desktop-arm64-warm-profile-on-bert-long.json
cur : M3.6 (f473b16) /out/M3.6-docker-desktop-arm64-warm-profile-on-bert-long.json

scenario                     metric                                         base            cur      delta
----------------------------------------------------------------------------------------------------------
single_long_f16              rss_peak_lifetime_mb                          91.96          91.96      +0.0%
single_long_f16              rss_peak_window_mb                            91.96          91.96      +0.0%
single_long_f16              rss_baseline_mb                                92.5           92.5      +0.0%
single_long_f16              rss_avg_mb                                     92.5           92.5      +0.0%
single_long_f16              pss_avg_mb                                    90.39          90.39      +0.0%
single_long_f16              pss_peak_sampled_mb                           90.39          90.39      +0.0%
single_long_f16              uss_avg_mb                                    88.91          88.91      +0.0%
single_long_f16              uss_peak_sampled_mb                           88.91          88.91      +0.0%
single_long_f16              latency_p50_ms                                 2557           2557      +0.0%
single_long_f16              latency_p90_ms                                 2790           2790      +0.0%
single_long_f16              latency_p99_ms                                 2790           2790      +0.0%
single_long_f16              single_request_items_per_sec                 0.3813         0.3813      +0.0%
single_long_f16              page_faults_major                                 0              0          —
single_long_f16              page_faults_minor                                 0              0          —

no regressions
== /out/M3.6-docker-desktop-arm64-warm-profile-on-bert-short.json
base: M3.6 (f473b16) /out/M3.6-docker-desktop-arm64-warm-profile-on-bert-short.json
cur : M3.6 (f473b16) /out/M3.6-docker-desktop-arm64-warm-profile-on-bert-short.json

scenario                     metric                                         base            cur      delta
----------------------------------------------------------------------------------------------------------
single_short_f16             rss_peak_lifetime_mb                          79.02          79.02      +0.0%
single_short_f16             rss_peak_window_mb                            79.02          79.02      +0.0%
single_short_f16             rss_baseline_mb                                79.3           79.3      +0.0%
single_short_f16             rss_avg_mb                                     79.3           79.3      +0.0%
single_short_f16             pss_avg_mb                                    77.18          77.18      +0.0%
single_short_f16             pss_peak_sampled_mb                           77.18          77.18      +0.0%
single_short_f16             uss_avg_mb                                    75.71          75.71      +0.0%
single_short_f16             uss_peak_sampled_mb                           75.71          75.71      +0.0%
single_short_f16             latency_p50_ms                                34.41          34.41      +0.0%
single_short_f16             latency_p90_ms                                35.67          35.67      +0.0%
single_short_f16             latency_p99_ms                                45.83          45.83      +0.0%
single_short_f16             single_request_items_per_sec                  28.33          28.33      +0.0%
single_short_f16             page_faults_major                                 0              0          —
single_short_f16             page_faults_minor                                 1              1      +0.0%

no regressions
== /out/M3.6-docker-desktop-arm64-warm-profile-on-harrier-f32.json
base: M3.6 (f473b16) /out/M3.6-docker-desktop-arm64-warm-profile-on-harrier-f32.json
cur : M3.6 (f473b16) /out/M3.6-docker-desktop-arm64-warm-profile-on-harrier-f32.json

scenario                     metric                                         base            cur      delta
----------------------------------------------------------------------------------------------------------
single_short_harrier_f32     rss_peak_lifetime_mb                           1110           1110      +0.0%
single_short_harrier_f32     rss_peak_window_mb                             1110           1110      +0.0%
single_short_harrier_f32     rss_baseline_mb                                1110           1110      +0.0%
single_short_harrier_f32     rss_avg_mb                                     1110           1110      +0.0%
single_short_harrier_f32     pss_avg_mb                                     1108           1108      +0.0%
single_short_harrier_f32     pss_peak_sampled_mb                            1108           1108      +0.0%
single_short_harrier_f32     uss_avg_mb                                     1107           1107      +0.0%
single_short_harrier_f32     uss_peak_sampled_mb                            1107           1107      +0.0%
single_short_harrier_f32     latency_p50_ms                                306.4          306.4      +0.0%
single_short_harrier_f32     latency_p90_ms                                318.7          318.7      +0.0%
single_short_harrier_f32     latency_p99_ms                                318.7          318.7      +0.0%
single_short_harrier_f32     single_request_items_per_sec                  3.146          3.146      +0.0%
single_short_harrier_f32     page_faults_major                                 0              0          —
single_short_harrier_f32     page_faults_minor                                 0              0          —
single_short_harrier_f32::multilingual_short rss_peak_lifetime_mb                           1110           1110      +0.0%
single_short_harrier_f32::multilingual_short rss_peak_window_mb                             1110           1110      +0.0%
single_short_harrier_f32::multilingual_short rss_baseline_mb                                1111           1111      +0.0%
single_short_harrier_f32::multilingual_short rss_avg_mb                                     1111           1111      +0.0%
single_short_harrier_f32::multilingual_short pss_avg_mb                                     1108           1108      +0.0%
single_short_harrier_f32::multilingual_short pss_peak_sampled_mb                            1108           1108      +0.0%
single_short_harrier_f32::multilingual_short uss_avg_mb                                     1107           1107      +0.0%
single_short_harrier_f32::multilingual_short uss_peak_sampled_mb                            1107           1107      +0.0%
single_short_harrier_f32::multilingual_short latency_p50_ms                                152.9          152.9      +0.0%
single_short_harrier_f32::multilingual_short latency_p90_ms                                160.5          160.5      +0.0%
single_short_harrier_f32::multilingual_short latency_p99_ms                                160.5          160.5      +0.0%
single_short_harrier_f32::multilingual_short single_request_items_per_sec                  6.387          6.387      +0.0%
single_short_harrier_f32::multilingual_short page_faults_major                                 0              0          —
single_short_harrier_f32::multilingual_short page_faults_minor                                 0              0          —
single_short_harrier_f32::vocab_spread rss_peak_lifetime_mb                           1112           1112      +0.0%
single_short_harrier_f32::vocab_spread rss_peak_window_mb                             1112           1112      +0.0%
single_short_harrier_f32::vocab_spread rss_baseline_mb                                1113           1113      +0.0%
single_short_harrier_f32::vocab_spread rss_avg_mb                                     1113           1113      +0.0%
single_short_harrier_f32::vocab_spread pss_avg_mb                                     1110           1110      +0.0%
single_short_harrier_f32::vocab_spread pss_peak_sampled_mb                            1110           1110      +0.0%
single_short_harrier_f32::vocab_spread uss_avg_mb                                     1109           1109      +0.0%
single_short_harrier_f32::vocab_spread uss_peak_sampled_mb                            1109           1109      +0.0%
single_short_harrier_f32::vocab_spread latency_p50_ms                                622.3          622.3      +0.0%
single_short_harrier_f32::vocab_spread latency_p90_ms                                650.9          650.9      +0.0%
single_short_harrier_f32::vocab_spread latency_p99_ms                                650.9          650.9      +0.0%
single_short_harrier_f32::vocab_spread single_request_items_per_sec                   1.58           1.58      +0.0%
single_short_harrier_f32::vocab_spread page_faults_major                                 0              0          —
single_short_harrier_f32::vocab_spread page_faults_minor                                 0              0          —

no regressions
== /out/M3.6-docker-desktop-arm64-warm-profile-on-harrier-q8.json
base: M3.6 (f473b16) /out/M3.6-docker-desktop-arm64-warm-profile-on-harrier-q8.json
cur : M3.6 (f473b16) /out/M3.6-docker-desktop-arm64-warm-profile-on-harrier-q8.json

scenario                     metric                                         base            cur      delta
----------------------------------------------------------------------------------------------------------
single_short_harrier_q8      rss_peak_lifetime_mb                          361.3          361.3      +0.0%
single_short_harrier_q8      rss_peak_window_mb                            361.3          361.3      +0.0%
single_short_harrier_q8      rss_baseline_mb                               361.7          361.7      +0.0%
single_short_harrier_q8      rss_avg_mb                                    361.7          361.7      +0.0%
single_short_harrier_q8      pss_avg_mb                                    359.5          359.5      +0.0%
single_short_harrier_q8      pss_peak_sampled_mb                           359.5          359.5      +0.0%
single_short_harrier_q8      uss_avg_mb                                    358.1          358.1      +0.0%
single_short_harrier_q8      uss_peak_sampled_mb                           358.1          358.1      +0.0%
single_short_harrier_q8      latency_p50_ms                                12.31          12.31      +0.0%
single_short_harrier_q8      latency_p90_ms                                12.55          12.55      +0.0%
single_short_harrier_q8      latency_p99_ms                                12.55          12.55      +0.0%
single_short_harrier_q8      single_request_items_per_sec                  80.86          80.86      +0.0%
single_short_harrier_q8      page_faults_major                                 0              0          —
single_short_harrier_q8      page_faults_minor                                 0              0          —
single_short_harrier_q8::multilingual_short rss_peak_lifetime_mb                          359.5          359.5      +0.0%
single_short_harrier_q8::multilingual_short rss_peak_window_mb                            359.5          359.5      +0.0%
single_short_harrier_q8::multilingual_short rss_baseline_mb                               359.7          359.7      +0.0%
single_short_harrier_q8::multilingual_short rss_avg_mb                                    359.7          359.7      +0.0%
single_short_harrier_q8::multilingual_short pss_avg_mb                                    357.6          357.6      +0.0%
single_short_harrier_q8::multilingual_short pss_peak_sampled_mb                           357.6          357.6      +0.0%
single_short_harrier_q8::multilingual_short uss_avg_mb                                    356.1          356.1      +0.0%
single_short_harrier_q8::multilingual_short uss_peak_sampled_mb                           356.1          356.1      +0.0%
single_short_harrier_q8::multilingual_short latency_p50_ms                                7.211          7.211      +0.0%
single_short_harrier_q8::multilingual_short latency_p90_ms                                7.336          7.336      +0.0%
single_short_harrier_q8::multilingual_short latency_p99_ms                                7.336          7.336      +0.0%
single_short_harrier_q8::multilingual_short single_request_items_per_sec                  137.6          137.6      +0.0%
single_short_harrier_q8::multilingual_short page_faults_major                                 0              0          —
single_short_harrier_q8::multilingual_short page_faults_minor                                 0              0          —
single_short_harrier_q8::vocab_spread rss_peak_lifetime_mb                          363.6          363.6      +0.0%
single_short_harrier_q8::vocab_spread rss_peak_window_mb                            363.6          363.6      +0.0%
single_short_harrier_q8::vocab_spread rss_baseline_mb                               363.7          363.7      +0.0%
single_short_harrier_q8::vocab_spread rss_avg_mb                                    363.7          363.7      +0.0%
single_short_harrier_q8::vocab_spread pss_avg_mb                                    361.6          361.6      +0.0%
single_short_harrier_q8::vocab_spread pss_peak_sampled_mb                           361.6          361.6      +0.0%
single_short_harrier_q8::vocab_spread uss_avg_mb                                    360.1          360.1      +0.0%
single_short_harrier_q8::vocab_spread uss_peak_sampled_mb                           360.1          360.1      +0.0%
single_short_harrier_q8::vocab_spread latency_p50_ms                                26.71          26.71      +0.0%
single_short_harrier_q8::vocab_spread latency_p90_ms                                27.95          27.95      +0.0%
single_short_harrier_q8::vocab_spread latency_p99_ms                                27.95          27.95      +0.0%
single_short_harrier_q8::vocab_spread single_request_items_per_sec                  35.42          35.42      +0.0%
single_short_harrier_q8::vocab_spread page_faults_major                                 0              0          —
single_short_harrier_q8::vocab_spread page_faults_minor                                 0              0          —

no regressions
self-compare strict: all result files passed
